// Jest Snapshot v1, https://goo.gl/fbAQLP

exports[`cucumber reporter formatMessage should not fail if payload was not passed 1`] = `
Object {
  "type": "test",
}
`;

exports[`cucumber reporter formatMessage should set passed state for test hooks 1`] = `
Object {
  "passed": true,
  "state": "passed",
  "type": "afterTest",
}
`;

exports[`cucumber reporter formatMessage should set title for custom type 1`] = `
Object {
  "ctx": Object {
    "currentTest": Object {
      "title": "barfoo",
    },
  },
  "currentTest": "barfoo",
  "type": "foobar",
}
`;
